Metric sync batch #1 recorded at Thu Sep 24 03:22:42 UTC 2026
Metric sync batch #2 recorded at Thu Sep 24 03:22:42 UTC 2026
Metric sync batch #3 recorded at Thu Sep 24 03:22:42 UTC 2026
Metric sync batch #4 recorded at Thu Sep 24 03:22:42 UTC 2026
Metric sync batch #5 recorded at Thu Sep 24 03:22:42 UTC 2026
Metric sync batch #6 recorded at Thu Sep 24 03:22:42 UTC 2026
Metric sync batch #7 recorded at Thu Sep 24 03:22:42 UTC 2026
Metric sync batch #8 recorded at Thu Sep 24 03:22:42 UTC 2026
Metric sync batch #9 recorded at Thu Sep 24 03:22:42 UTC 2026
Metric sync batch #10 recorded at Thu Sep 24 03:22:42 UTC 2026
Metric sync batch #11 recorded at Thu Sep 24 03:22:42 UTC 2026
Metric sync batch #12 recorded at Thu Sep 24 03:22:42 UTC 2026
Metric sync batch #13 recorded at Thu Sep 24 03:22:42 UTC 2026
Metric sync batch #14 recorded at Thu Sep 24 03:22:42 UTC 2026
Metric sync batch #15 recorded at Thu Sep 24 03:22:42 UTC 2026
Metric sync batch #16 recorded at Thu Sep 24 03:22:42 UTC 2026
Metric sync batch #17 recorded at Thu Sep 24 03:22:42 UTC 2026
Metric sync batch #18 recorded at Thu Sep 24 03:22:42 UTC 2026
Metric sync batch #19 recorded at Thu Sep 24 03:22:42 UTC 2026
Metric sync batch #20 recorded at Thu Sep 24 03:22:42 UTC 2026
Metric sync batch #21 recorded at Thu Sep 24 03:22:42 UTC 2026
Metric sync batch #22 recorded at Thu Sep 24 03:22:42 UTC 2026
Metric sync batch #23 recorded at Thu Sep 24 03:22:42 UTC 2026
Metric sync batch #24 recorded at Thu Sep 24 03:22:42 UTC 2026
Metric sync batch #25 recorded at Thu Sep 24 03:22:42 UTC 2026
Metric sync batch #26 recorded at Thu Sep 24 03:22:42 UTC 2026
Metric sync batch #27 recorded at Thu Sep 24 03:22:42 UTC 2026
Metric sync batch #1 recorded at Fri Sep 25 03:40:01 UTC 2026
Metric sync batch #2 recorded at Fri Sep 25 03:40:01 UTC 2026
Metric sync batch #3 recorded at Fri Sep 25 03:40:01 UTC 2026
Metric sync batch #4 recorded at Fri Sep 25 03:40:01 UTC 2026
Metric sync batch #5 recorded at Fri Sep 25 03:40:01 UTC 2026
Metric sync batch #6 recorded at Fri Sep 25 03:40:01 UTC 2026
Metric sync batch #7 recorded at Fri Sep 25 03:40:01 UTC 2026
Metric sync batch #8 recorded at Fri Sep 25 03:40:01 UTC 2026
Metric sync batch #9 recorded at Fri Sep 25 03:40:01 UTC 2026
Metric sync batch #10 recorded at Fri Sep 25 03:40:01 UTC 2026
Metric sync batch #11 recorded at Fri Sep 25 03:40:01 UTC 2026
Metric sync batch #12 recorded at Fri Sep 25 03:40:01 UTC 2026
Metric sync batch #13 recorded at Fri Sep 25 03:40:01 UTC 2026
Metric sync batch #14 recorded at Fri Sep 25 03:40:01 UTC 2026
Metric sync batch #15 recorded at Fri Sep 25 03:40:01 UTC 2026
Metric sync batch #16 recorded at Fri Sep 25 03:40:01 UTC 2026
Metric sync batch #17 recorded at Fri Sep 25 03:40:01 UTC 2026
Metric sync batch #18 recorded at Fri Sep 25 03:40:01 UTC 2026
Metric sync batch #19 recorded at Fri Sep 25 03:40:01 UTC 2026
Metric sync batch #20 recorded at Fri Sep 25 03:40:01 UTC 2026
Metric sync batch #21 recorded at Fri Sep 25 03:40:01 UTC 2026
Metric sync batch #22 recorded at Fri Sep 25 03:40:01 UTC 2026
Metric sync batch #23 recorded at Fri Sep 25 03:40:01 UTC 2026
Metric sync batch #24 recorded at Fri Sep 25 03:40:01 UTC 2026
Metric sync batch #25 recorded at Fri Sep 25 03:40:01 UTC 2026
Metric sync batch #26 recorded at Fri Sep 25 03:40:01 UTC 2026
Metric sync batch #27 recorded at Fri Sep 25 03:40:01 UTC 2026
Metric sync batch #1 recorded at Sat Sep 26 03:46:09 UTC 2026
Metric sync batch #2 recorded at Sat Sep 26 03:46:09 UTC 2026
Metric sync batch #3 recorded at Sat Sep 26 03:46:09 UTC 2026
Metric sync batch #4 recorded at Sat Sep 26 03:46:09 UTC 2026
Metric sync batch #5 recorded at Sat Sep 26 03:46:09 UTC 2026
Metric sync batch #6 recorded at Sat Sep 26 03:46:09 UTC 2026
Metric sync batch #7 recorded at Sat Sep 26 03:46:09 UTC 2026
Metric sync batch #8 recorded at Sat Sep 26 03:46:09 UTC 2026
Metric sync batch #9 recorded at Sat Sep 26 03:46:09 UTC 2026
Metric sync batch #10 recorded at Sat Sep 26 03:46:09 UTC 2026
Metric sync batch #11 recorded at Sat Sep 26 03:46:09 UTC 2026
Metric sync batch #12 recorded at Sat Sep 26 03:46:09 UTC 2026
Metric sync batch #13 recorded at Sat Sep 26 03:46:09 UTC 2026
Metric sync batch #14 recorded at Sat Sep 26 03:46:09 UTC 2026
Metric sync batch #15 recorded at Sat Sep 26 03:46:09 UTC 2026
Metric sync batch #16 recorded at Sat Sep 26 03:46:09 UTC 2026
Metric sync batch #17 recorded at Sat Sep 26 03:46:09 UTC 2026
Metric sync batch #18 recorded at Sat Sep 26 03:46:09 UTC 2026
Metric sync batch #19 recorded at Sat Sep 26 03:46:09 UTC 2026
Metric sync batch #20 recorded at Sat Sep 26 03:46:09 UTC 2026
Metric sync batch #21 recorded at Sat Sep 26 03:46:09 UTC 2026
Metric sync batch #22 recorded at Sat Sep 26 03:46:09 UTC 2026
Metric sync batch #23 recorded at Sat Sep 26 03:46:09 UTC 2026
Metric sync batch #24 recorded at Sat Sep 26 03:46:09 UTC 2026
Metric sync batch #25 recorded at Sat Sep 26 03:46:09 UTC 2026
Metric sync batch #26 recorded at Sat Sep 26 03:46:09 UTC 2026
Metric sync batch #27 recorded at Sat Sep 26 03:46:09 UTC 2026
Metric sync batch #1 recorded at Sun Sep 27 03:55:26 UTC 2026
Metric sync batch #2 recorded at Sun Sep 27 03:55:26 UTC 2026
Metric sync batch #3 recorded at Sun Sep 27 03:55:26 UTC 2026
Metric sync batch #4 recorded at Sun Sep 27 03:55:26 UTC 2026
Metric sync batch #5 recorded at Sun Sep 27 03:55:26 UTC 2026
Metric sync batch #6 recorded at Sun Sep 27 03:55:26 UTC 2026
Metric sync batch #7 recorded at Sun Sep 27 03:55:26 UTC 2026
Metric sync batch #8 recorded at Sun Sep 27 03:55:26 UTC 2026
Metric sync batch #9 recorded at Sun Sep 27 03:55:26 UTC 2026
Metric sync batch #10 recorded at Sun Sep 27 03:55:26 UTC 2026
Metric sync batch #11 recorded at Sun Sep 27 03:55:26 UTC 2026
Metric sync batch #12 recorded at Sun Sep 27 03:55:26 UTC 2026
Metric sync batch #13 recorded at Sun Sep 27 03:55:26 UTC 2026
Metric sync batch #14 recorded at Sun Sep 27 03:55:26 UTC 2026
Metric sync batch #15 recorded at Sun Sep 27 03:55:26 UTC 2026
Metric sync batch #16 recorded at Sun Sep 27 03:55:26 UTC 2026
Metric sync batch #17 recorded at Sun Sep 27 03:55:26 UTC 2026
Metric sync batch #18 recorded at Sun Sep 27 03:55:26 UTC 2026
Metric sync batch #19 recorded at Sun Sep 27 03:55:26 UTC 2026
Metric sync batch #20 recorded at Sun Sep 27 03:55:26 UTC 2026
Metric sync batch #21 recorded at Sun Sep 27 03:55:26 UTC 2026
Metric sync batch #22 recorded at Sun Sep 27 03:55:26 UTC 2026
Metric sync batch #23 recorded at Sun Sep 27 03:55:26 UTC 2026
Metric sync batch #24 recorded at Sun Sep 27 03:55:26 UTC 2026
Metric sync batch #25 recorded at Sun Sep 27 03:55:26 UTC 2026
Metric sync batch #26 recorded at Sun Sep 27 03:55:26 UTC 2026
Metric sync batch #27 recorded at Sun Sep 27 03:55:26 UTC 2026
Metric sync batch #1 recorded at Mon Sep 28 03:55:09 UTC 2026
Metric sync batch #2 recorded at Mon Sep 28 03:55:09 UTC 2026
Metric sync batch #3 recorded at Mon Sep 28 03:55:09 UTC 2026
Metric sync batch #4 recorded at Mon Sep 28 03:55:09 UTC 2026
Metric sync batch #5 recorded at Mon Sep 28 03:55:09 UTC 2026
Metric sync batch #6 recorded at Mon Sep 28 03:55:09 UTC 2026
Metric sync batch #7 recorded at Mon Sep 28 03:55:09 UTC 2026
Metric sync batch #8 recorded at Mon Sep 28 03:55:09 UTC 2026
Metric sync batch #9 recorded at Mon Sep 28 03:55:09 UTC 2026
Metric sync batch #10 recorded at Mon Sep 28 03:55:09 UTC 2026
Metric sync batch #11 recorded at Mon Sep 28 03:55:09 UTC 2026
Metric sync batch #12 recorded at Mon Sep 28 03:55:09 UTC 2026
Metric sync batch #13 recorded at Mon Sep 28 03:55:09 UTC 2026
Metric sync batch #14 recorded at Mon Sep 28 03:55:09 UTC 2026
Metric sync batch #15 recorded at Mon Sep 28 03:55:09 UTC 2026
Metric sync batch #16 recorded at Mon Sep 28 03:55:09 UTC 2026
Metric sync batch #17 recorded at Mon Sep 28 03:55:09 UTC 2026
Metric sync batch #18 recorded at Mon Sep 28 03:55:09 UTC 2026
Metric sync batch #19 recorded at Mon Sep 28 03:55:09 UTC 2026
Metric sync batch #20 recorded at Mon Sep 28 03:55:09 UTC 2026
Metric sync batch #21 recorded at Mon Sep 28 03:55:09 UTC 2026
Metric sync batch #22 recorded at Mon Sep 28 03:55:09 UTC 2026
Metric sync batch #23 recorded at Mon Sep 28 03:55:09 UTC 2026
Metric sync batch #24 recorded at Mon Sep 28 03:55:09 UTC 2026
Metric sync batch #25 recorded at Mon Sep 28 03:55:09 UTC 2026
Metric sync batch #26 recorded at Mon Sep 28 03:55:09 UTC 2026
Metric sync batch #27 recorded at Mon Sep 28 03:55:09 UTC 2026
Metric sync batch #1 recorded at Tue Sep 29 04:29:26 UTC 2026
Metric sync batch #2 recorded at Tue Sep 29 04:29:26 UTC 2026
Metric sync batch #3 recorded at Tue Sep 29 04:29:26 UTC 2026
Metric sync batch #4 recorded at Tue Sep 29 04:29:26 UTC 2026
Metric sync batch #5 recorded at Tue Sep 29 04:29:26 UTC 2026
Metric sync batch #6 recorded at Tue Sep 29 04:29:26 UTC 2026
Metric sync batch #7 recorded at Tue Sep 29 04:29:26 UTC 2026
Metric sync batch #8 recorded at Tue Sep 29 04:29:26 UTC 2026
Metric sync batch #9 recorded at Tue Sep 29 04:29:26 UTC 2026
Metric sync batch #10 recorded at Tue Sep 29 04:29:26 UTC 2026
Metric sync batch #11 recorded at Tue Sep 29 04:29:26 UTC 2026
Metric sync batch #12 recorded at Tue Sep 29 04:29:27 UTC 2026
Metric sync batch #13 recorded at Tue Sep 29 04:29:27 UTC 2026
Metric sync batch #14 recorded at Tue Sep 29 04:29:27 UTC 2026
Metric sync batch #15 recorded at Tue Sep 29 04:29:27 UTC 2026
Metric sync batch #16 recorded at Tue Sep 29 04:29:27 UTC 2026
Metric sync batch #17 recorded at Tue Sep 29 04:29:27 UTC 2026
Metric sync batch #18 recorded at Tue Sep 29 04:29:27 UTC 2026
Metric sync batch #19 recorded at Tue Sep 29 04:29:27 UTC 2026
Metric sync batch #20 recorded at Tue Sep 29 04:29:27 UTC 2026
Metric sync batch #21 recorded at Tue Sep 29 04:29:27 UTC 2026
Metric sync batch #22 recorded at Tue Sep 29 04:29:27 UTC 2026
Metric sync batch #23 recorded at Tue Sep 29 04:29:27 UTC 2026
Metric sync batch #24 recorded at Tue Sep 29 04:29:27 UTC 2026
Metric sync batch #25 recorded at Tue Sep 29 04:29:27 UTC 2026
Metric sync batch #26 recorded at Tue Sep 29 04:29:27 UTC 2026
Metric sync batch #27 recorded at Tue Sep 29 04:29:27 UTC 2026
Metric sync batch #1 recorded at Wed Sep 30 04:12:55 UTC 2026
Metric sync batch #2 recorded at Wed Sep 30 04:12:55 UTC 2026
Metric sync batch #3 recorded at Wed Sep 30 04:12:55 UTC 2026
Metric sync batch #4 recorded at Wed Sep 30 04:12:55 UTC 2026
Metric sync batch #5 recorded at Wed Sep 30 04:12:55 UTC 2026
Metric sync batch #6 recorded at Wed Sep 30 04:12:55 UTC 2026
Metric sync batch #7 recorded at Wed Sep 30 04:12:55 UTC 2026
Metric sync batch #8 recorded at Wed Sep 30 04:12:55 UTC 2026
Metric sync batch #9 recorded at Wed Sep 30 04:12:55 UTC 2026
Metric sync batch #10 recorded at Wed Sep 30 04:12:55 UTC 2026
Metric sync batch #11 recorded at Wed Sep 30 04:12:56 UTC 2026
Metric sync batch #12 recorded at Wed Sep 30 04:12:56 UTC 2026
Metric sync batch #13 recorded at Wed Sep 30 04:12:56 UTC 2026
Metric sync batch #14 recorded at Wed Sep 30 04:12:56 UTC 2026
Metric sync batch #15 recorded at Wed Sep 30 04:12:56 UTC 2026
Metric sync batch #16 recorded at Wed Sep 30 04:12:56 UTC 2026
Metric sync batch #17 recorded at Wed Sep 30 04:12:56 UTC 2026
Metric sync batch #18 recorded at Wed Sep 30 04:12:56 UTC 2026
Metric sync batch #19 recorded at Wed Sep 30 04:12:56 UTC 2026
Metric sync batch #20 recorded at Wed Sep 30 04:12:56 UTC 2026
Metric sync batch #21 recorded at Wed Sep 30 04:12:56 UTC 2026
Metric sync batch #22 recorded at Wed Sep 30 04:12:56 UTC 2026
Metric sync batch #23 recorded at Wed Sep 30 04:12:56 UTC 2026
Metric sync batch #24 recorded at Wed Sep 30 04:12:56 UTC 2026
Metric sync batch #25 recorded at Wed Sep 30 04:12:56 UTC 2026
Metric sync batch #26 recorded at Wed Sep 30 04:12:56 UTC 2026
Metric sync batch #27 recorded at Wed Sep 30 04:12:56 UTC 2026
Metric sync batch #1 recorded at Thu Oct  1 04:24:52 UTC 2026
Metric sync batch #2 recorded at Thu Oct  1 04:24:52 UTC 2026
Metric sync batch #3 recorded at Thu Oct  1 04:24:52 UTC 2026
Metric sync batch #4 recorded at Thu Oct  1 04:24:52 UTC 2026
Metric sync batch #5 recorded at Thu Oct  1 04:24:52 UTC 2026
Metric sync batch #6 recorded at Thu Oct  1 04:24:52 UTC 2026
Metric sync batch #7 recorded at Thu Oct  1 04:24:52 UTC 2026
Metric sync batch #8 recorded at Thu Oct  1 04:24:52 UTC 2026
Metric sync batch #9 recorded at Thu Oct  1 04:24:52 UTC 2026
Metric sync batch #10 recorded at Thu Oct  1 04:24:52 UTC 2026
Metric sync batch #11 recorded at Thu Oct  1 04:24:52 UTC 2026
Metric sync batch #12 recorded at Thu Oct  1 04:24:52 UTC 2026
Metric sync batch #13 recorded at Thu Oct  1 04:24:52 UTC 2026
Metric sync batch #14 recorded at Thu Oct  1 04:24:52 UTC 2026
Metric sync batch #15 recorded at Thu Oct  1 04:24:52 UTC 2026
Metric sync batch #16 recorded at Thu Oct  1 04:24:52 UTC 2026
Metric sync batch #17 recorded at Thu Oct  1 04:24:52 UTC 2026
Metric sync batch #18 recorded at Thu Oct  1 04:24:52 UTC 2026
Metric sync batch #19 recorded at Thu Oct  1 04:24:52 UTC 2026
Metric sync batch #20 recorded at Thu Oct  1 04:24:53 UTC 2026
Metric sync batch #21 recorded at Thu Oct  1 04:24:53 UTC 2026
Metric sync batch #22 recorded at Thu Oct  1 04:24:53 UTC 2026
Metric sync batch #23 recorded at Thu Oct  1 04:24:53 UTC 2026
Metric sync batch #24 recorded at Thu Oct  1 04:24:53 UTC 2026
Metric sync batch #25 recorded at Thu Oct  1 04:24:53 UTC 2026
Metric sync batch #26 recorded at Thu Oct  1 04:24:53 UTC 2026
Metric sync batch #27 recorded at Thu Oct  1 04:24:53 UTC 2026
Metric sync batch #1 recorded at Fri Oct  2 04:17:30 UTC 2026
Metric sync batch #2 recorded at Fri Oct  2 04:17:30 UTC 2026
Metric sync batch #3 recorded at Fri Oct  2 04:17:30 UTC 2026
Metric sync batch #4 recorded at Fri Oct  2 04:17:30 UTC 2026
Metric sync batch #5 recorded at Fri Oct  2 04:17:30 UTC 2026
Metric sync batch #6 recorded at Fri Oct  2 04:17:30 UTC 2026
Metric sync batch #7 recorded at Fri Oct  2 04:17:30 UTC 2026
Metric sync batch #8 recorded at Fri Oct  2 04:17:30 UTC 2026
Metric sync batch #9 recorded at Fri Oct  2 04:17:30 UTC 2026
Metric sync batch #10 recorded at Fri Oct  2 04:17:30 UTC 2026
Metric sync batch #11 recorded at Fri Oct  2 04:17:30 UTC 2026
Metric sync batch #12 recorded at Fri Oct  2 04:17:30 UTC 2026
Metric sync batch #13 recorded at Fri Oct  2 04:17:30 UTC 2026
Metric sync batch #14 recorded at Fri Oct  2 04:17:30 UTC 2026
Metric sync batch #15 recorded at Fri Oct  2 04:17:30 UTC 2026
Metric sync batch #16 recorded at Fri Oct  2 04:17:30 UTC 2026
Metric sync batch #17 recorded at Fri Oct  2 04:17:30 UTC 2026
Metric sync batch #18 recorded at Fri Oct  2 04:17:30 UTC 2026
Metric sync batch #19 recorded at Fri Oct  2 04:17:30 UTC 2026
Metric sync batch #20 recorded at Fri Oct  2 04:17:30 UTC 2026
Metric sync batch #21 recorded at Fri Oct  2 04:17:30 UTC 2026
Metric sync batch #22 recorded at Fri Oct  2 04:17:30 UTC 2026
Metric sync batch #23 recorded at Fri Oct  2 04:17:30 UTC 2026
Metric sync batch #24 recorded at Fri Oct  2 04:17:30 UTC 2026
Metric sync batch #25 recorded at Fri Oct  2 04:17:30 UTC 2026
Metric sync batch #26 recorded at Fri Oct  2 04:17:30 UTC 2026
Metric sync batch #27 recorded at Fri Oct  2 04:17:30 UTC 2026
Metric sync batch #1 recorded at Sat Oct  3 03:59:53 UTC 2026
Metric sync batch #2 recorded at Sat Oct  3 03:59:53 UTC 2026
Metric sync batch #3 recorded at Sat Oct  3 03:59:53 UTC 2026
Metric sync batch #4 recorded at Sat Oct  3 03:59:53 UTC 2026
Metric sync batch #5 recorded at Sat Oct  3 03:59:53 UTC 2026
Metric sync batch #6 recorded at Sat Oct  3 03:59:53 UTC 2026
Metric sync batch #7 recorded at Sat Oct  3 03:59:53 UTC 2026
Metric sync batch #8 recorded at Sat Oct  3 03:59:53 UTC 2026
Metric sync batch #9 recorded at Sat Oct  3 03:59:53 UTC 2026
Metric sync batch #10 recorded at Sat Oct  3 03:59:53 UTC 2026
Metric sync batch #11 recorded at Sat Oct  3 03:59:53 UTC 2026
Metric sync batch #12 recorded at Sat Oct  3 03:59:53 UTC 2026
Metric sync batch #13 recorded at Sat Oct  3 03:59:53 UTC 2026
Metric sync batch #14 recorded at Sat Oct  3 03:59:53 UTC 2026
Metric sync batch #15 recorded at Sat Oct  3 03:59:54 UTC 2026
Metric sync batch #16 recorded at Sat Oct  3 03:59:54 UTC 2026
Metric sync batch #17 recorded at Sat Oct  3 03:59:54 UTC 2026
Metric sync batch #18 recorded at Sat Oct  3 03:59:54 UTC 2026
Metric sync batch #19 recorded at Sat Oct  3 03:59:54 UTC 2026
Metric sync batch #20 recorded at Sat Oct  3 03:59:54 UTC 2026
Metric sync batch #21 recorded at Sat Oct  3 03:59:54 UTC 2026
Metric sync batch #22 recorded at Sat Oct  3 03:59:54 UTC 2026
Metric sync batch #23 recorded at Sat Oct  3 03:59:54 UTC 2026
Metric sync batch #24 recorded at Sat Oct  3 03:59:54 UTC 2026
Metric sync batch #25 recorded at Sat Oct  3 03:59:54 UTC 2026
Metric sync batch #26 recorded at Sat Oct  3 03:59:54 UTC 2026
Metric sync batch #27 recorded at Sat Oct  3 03:59:54 UTC 2026
Metric sync batch #1 recorded at Sun Oct  4 04:33:30 UTC 2026
Metric sync batch #2 recorded at Sun Oct  4 04:33:30 UTC 2026
Metric sync batch #3 recorded at Sun Oct  4 04:33:30 UTC 2026
Metric sync batch #4 recorded at Sun Oct  4 04:33:30 UTC 2026
Metric sync batch #5 recorded at Sun Oct  4 04:33:30 UTC 2026
Metric sync batch #6 recorded at Sun Oct  4 04:33:30 UTC 2026
Metric sync batch #7 recorded at Sun Oct  4 04:33:30 UTC 2026
Metric sync batch #8 recorded at Sun Oct  4 04:33:30 UTC 2026
Metric sync batch #9 recorded at Sun Oct  4 04:33:30 UTC 2026
Metric sync batch #10 recorded at Sun Oct  4 04:33:30 UTC 2026
Metric sync batch #11 recorded at Sun Oct  4 04:33:30 UTC 2026
Metric sync batch #12 recorded at Sun Oct  4 04:33:30 UTC 2026
Metric sync batch #13 recorded at Sun Oct  4 04:33:30 UTC 2026
Metric sync batch #14 recorded at Sun Oct  4 04:33:30 UTC 2026
Metric sync batch #15 recorded at Sun Oct  4 04:33:30 UTC 2026
Metric sync batch #16 recorded at Sun Oct  4 04:33:30 UTC 2026
